[2024-07-08T21:12:36.862-0500][0.005s] Heap region size: 1M
[2024-07-08T21:12:37.028-0500][0.171s] Using G1
[2024-07-08T21:12:37.029-0500][0.172s] Heap address: 0x00000000e0000000, size: 512 MB, Compressed Oops mode: 32-bit
[2024-07-08T21:12:37.029-0500][0.172s] Mark closed archive regions in map: [0x00000000fff00000, 0x00000000fff6bff8]
[2024-07-08T21:12:37.029-0500][0.172s] Mark open archive regions in map: [0x00000000ffe00000, 0x00000000ffe47ff8]
[2024-07-08T21:12:37.987-0500][1.130s] GC(0) Pause Young (Normal) (G1 Evacuation Pause)
[2024-07-08T21:12:37.988-0500][1.131s] GC(0) Using 12 workers of 13 for evacuation
[2024-07-08T21:12:37.993-0500][1.136s] GC(0)   Pre Evacuate Collection Set: 0.0ms
[2024-07-08T21:12:37.993-0500][1.136s] GC(0)   Evacuate Collection Set: 4.6ms
[2024-07-08T21:12:37.993-0500][1.136s] GC(0)   Post Evacuate Collection Set: 0.5ms
[2024-07-08T21:12:37.993-0500][1.137s] GC(0)   Other: 1.2ms
[2024-07-08T21:12:37.994-0500][1.137s] GC(0) Eden regions: 30->0(303)
[2024-07-08T21:12:37.994-0500][1.137s] GC(0) Survivor regions: 0->4(4)
[2024-07-08T21:12:37.994-0500][1.137s] GC(0) Old regions: 2->3
[2024-07-08T21:12:37.994-0500][1.137s] GC(0) Humongous regions: 4->4
[2024-07-08T21:12:37.994-0500][1.137s] GC(0) Metaspace: 9637K(10240K)->9637K(10240K) NonClass: 8506K(8960K)->8506K(8960K) Class: 1130K(1280K)->1130K(1280K)
[2024-07-08T21:12:37.994-0500][1.137s] GC(0) Pause Young (Normal) (G1 Evacuation Pause) 34M->9M(512M) 7.313ms
[2024-07-08T21:12:37.994-0500][1.137s] GC(0) User=0.05s Sys=0.01s Real=0.01s
[2024-07-08T21:12:41.478-0500][4.621s] GC(1) Pause Young (Concurrent Start) (Metadata GC Threshold)
[2024-07-08T21:12:41.478-0500][4.621s] GC(1) Using 13 workers of 13 for evacuation
[2024-07-08T21:12:41.484-0500][4.627s] GC(1)   Pre Evacuate Collection Set: 0.1ms
[2024-07-08T21:12:41.484-0500][4.627s] GC(1)   Evacuate Collection Set: 4.8ms
[2024-07-08T21:12:41.484-0500][4.627s] GC(1)   Post Evacuate Collection Set: 0.7ms
[2024-07-08T21:12:41.484-0500][4.627s] GC(1)   Other: 0.5ms
[2024-07-08T21:12:41.484-0500][4.627s] GC(1) Eden regions: 90->0(89)
[2024-07-08T21:12:41.484-0500][4.627s] GC(1) Survivor regions: 4->19(39)
[2024-07-08T21:12:41.484-0500][4.627s] GC(1) Old regions: 3->3
[2024-07-08T21:12:41.484-0500][4.627s] GC(1) Humongous regions: 4->4
[2024-07-08T21:12:41.484-0500][4.628s] GC(1) Metaspace: 20446K(21296K)->20446K(21296K) NonClass: 18114K(18608K)->18114K(18608K) Class: 2331K(2688K)->2331K(2688K)
[2024-07-08T21:12:41.485-0500][4.628s] GC(1) Pause Young (Concurrent Start) (Metadata GC Threshold) 99M->23M(512M) 6.754ms
[2024-07-08T21:12:41.485-0500][4.628s] GC(1) User=0.03s Sys=0.01s Real=0.01s
[2024-07-08T21:12:41.485-0500][4.628s] GC(2) Concurrent Cycle
[2024-07-08T21:12:41.485-0500][4.628s] GC(2) Concurrent Clear Claimed Marks
[2024-07-08T21:12:41.485-0500][4.628s] GC(2) Concurrent Clear Claimed Marks 0.162ms
[2024-07-08T21:12:41.485-0500][4.628s] GC(2) Concurrent Scan Root Regions
[2024-07-08T21:12:41.488-0500][4.631s] GC(2) Concurrent Scan Root Regions 2.612ms
[2024-07-08T21:12:41.488-0500][4.631s] GC(2) Concurrent Mark (4.631s)
[2024-07-08T21:12:41.488-0500][4.631s] GC(2) Concurrent Mark From Roots
[2024-07-08T21:12:41.488-0500][4.631s] GC(2) Using 3 workers of 3 for marking
[2024-07-08T21:12:41.493-0500][4.636s] GC(2) Concurrent Mark From Roots 5.336ms
[2024-07-08T21:12:41.493-0500][4.637s] GC(2) Concurrent Preclean
[2024-07-08T21:12:41.494-0500][4.637s] GC(2) Concurrent Preclean 0.109ms
[2024-07-08T21:12:41.494-0500][4.637s] GC(2) Concurrent Mark (4.631s, 4.637s) 5.768ms
[2024-07-08T21:12:41.494-0500][4.637s] GC(2) Pause Remark
[2024-07-08T21:12:41.495-0500][4.638s] GC(2) Cleaned string and symbol table, strings: 8640 processed, 0 removed, symbols: 58601 processed, 26 removed
[2024-07-08T21:12:41.496-0500][4.639s] GC(2) Pause Remark 24M->24M(512M) 1.733ms
[2024-07-08T21:12:41.496-0500][4.639s] GC(2) User=0.01s Sys=0.00s Real=0.00s
[2024-07-08T21:12:41.496-0500][4.639s] GC(2) Concurrent Rebuild Remembered Sets
[2024-07-08T21:12:41.497-0500][4.640s] GC(2) Concurrent Rebuild Remembered Sets 1.016ms
[2024-07-08T21:12:41.497-0500][4.640s] GC(2) Pause Cleanup
[2024-07-08T21:12:41.497-0500][4.640s] GC(2) Pause Cleanup 24M->24M(512M) 0.243ms
[2024-07-08T21:12:41.498-0500][4.641s] GC(2) User=0.00s Sys=0.00s Real=0.00s
[2024-07-08T21:12:41.498-0500][4.641s] GC(2) Concurrent Cleanup for Next Mark
[2024-07-08T21:12:41.498-0500][4.641s] GC(2) Concurrent Cleanup for Next Mark 0.525ms
[2024-07-08T21:12:41.498-0500][4.641s] GC(2) Concurrent Cycle 13.610ms
[2024-07-08T21:12:42.413-0500][5.556s] GC(3) Pause Young (Normal) (G1 Evacuation Pause)
[2024-07-08T21:12:42.413-0500][5.556s] GC(3) Using 13 workers of 13 for evacuation
[2024-07-08T21:12:42.419-0500][5.562s] GC(3)   Pre Evacuate Collection Set: 0.0ms
[2024-07-08T21:12:42.420-0500][5.563s] GC(3)   Evacuate Collection Set: 5.2ms
[2024-07-08T21:12:42.420-0500][5.563s] GC(3)   Post Evacuate Collection Set: 1.1ms
[2024-07-08T21:12:42.420-0500][5.563s] GC(3)   Other: 0.4ms
[2024-07-08T21:12:42.420-0500][5.563s] GC(3) Eden regions: 74->0(108)
[2024-07-08T21:12:42.420-0500][5.563s] GC(3) Survivor regions: 19->5(12)
[2024-07-08T21:12:42.421-0500][5.564s] GC(3) Old regions: 3->21
[2024-07-08T21:12:42.421-0500][5.564s] GC(3) Humongous regions: 4->4
[2024-07-08T21:12:42.421-0500][5.564s] GC(3) Metaspace: 30410K(31408K)->30410K(31408K) NonClass: 26955K(27568K)->26955K(27568K) Class: 3455K(3840K)->3455K(3840K)
[2024-07-08T21:12:42.421-0500][5.564s] GC(3) Pause Young (Normal) (G1 Evacuation Pause) 97M->27M(512M) 8.507ms
[2024-07-08T21:12:42.421-0500][5.564s] GC(3) User=0.07s Sys=0.00s Real=0.01s
[2024-07-08T21:13:34.663-0500][57.806s] Heap
[2024-07-08T21:13:34.663-0500][57.806s]  garbage-first heap   total 524288K, used 64714K [0x00000000e0000000, 0x0000000100000000)
[2024-07-08T21:13:34.663-0500][57.806s]   region size 1024K, 43 young (44032K), 5 survivors (5120K)
[2024-07-08T21:13:34.663-0500][57.806s]  Metaspace       used 33822K, capacity 34663K, committed 34864K, reserved 1079296K
[2024-07-08T21:13:34.664-0500][57.807s]   class space    used 3858K, capacity 4210K, committed 4224K, reserved 1048576K
