[2024-07-08T21:15:07.161-0500][0.009s] Heap region size: 1M
[2024-07-08T21:15:07.286-0500][0.134s] Using G1
[2024-07-08T21:15:07.287-0500][0.134s] Heap address: 0x00000000e0000000, size: 512 MB, Compressed Oops mode: 32-bit
[2024-07-08T21:15:07.287-0500][0.134s] Mark closed archive regions in map: [0x00000000fff00000, 0x00000000fff6bff8]
[2024-07-08T21:15:07.287-0500][0.135s] Mark open archive regions in map: [0x00000000ffe00000, 0x00000000ffe47ff8]
[2024-07-08T21:15:07.997-0500][0.844s] GC(0) Pause Young (Normal) (G1 Evacuation Pause)
[2024-07-08T21:15:07.998-0500][0.845s] GC(0) Using 12 workers of 13 for evacuation
[2024-07-08T21:15:08.002-0500][0.850s] GC(0)   Pre Evacuate Collection Set: 0.0ms
[2024-07-08T21:15:08.002-0500][0.850s] GC(0)   Evacuate Collection Set: 3.6ms
[2024-07-08T21:15:08.003-0500][0.850s] GC(0)   Post Evacuate Collection Set: 0.4ms
[2024-07-08T21:15:08.003-0500][0.850s] GC(0)   Other: 1.3ms
[2024-07-08T21:15:08.003-0500][0.850s] GC(0) Eden regions: 30->0(303)
[2024-07-08T21:15:08.003-0500][0.850s] GC(0) Survivor regions: 0->4(4)
[2024-07-08T21:15:08.003-0500][0.851s] GC(0) Old regions: 2->3
[2024-07-08T21:15:08.003-0500][0.851s] GC(0) Humongous regions: 0->0
[2024-07-08T21:15:08.003-0500][0.851s] GC(0) Metaspace: 9702K(10240K)->9702K(10240K) NonClass: 8569K(8960K)->8569K(8960K) Class: 1133K(1280K)->1133K(1280K)
[2024-07-08T21:15:08.003-0500][0.851s] GC(0) Pause Young (Normal) (G1 Evacuation Pause) 30M->5M(512M) 6.670ms
[2024-07-08T21:15:08.004-0500][0.851s] GC(0) User=0.04s Sys=0.01s Real=0.01s
[2024-07-08T21:15:09.320-0500][2.168s] GC(1) Pause Young (Concurrent Start) (Metadata GC Threshold)
[2024-07-08T21:15:09.321-0500][2.168s] GC(1) Using 13 workers of 13 for evacuation
[2024-07-08T21:15:09.328-0500][2.175s] GC(1)   Pre Evacuate Collection Set: 0.0ms
[2024-07-08T21:15:09.328-0500][2.176s] GC(1)   Evacuate Collection Set: 6.3ms
[2024-07-08T21:15:09.329-0500][2.176s] GC(1)   Post Evacuate Collection Set: 0.9ms
[2024-07-08T21:15:09.329-0500][2.176s] GC(1)   Other: 0.7ms
[2024-07-08T21:15:09.329-0500][2.177s] GC(1) Eden regions: 92->0(90)
[2024-07-08T21:15:09.330-0500][2.177s] GC(1) Survivor regions: 4->18(39)
[2024-07-08T21:15:09.330-0500][2.177s] GC(1) Old regions: 3->3
[2024-07-08T21:15:09.330-0500][2.177s] GC(1) Humongous regions: 4->4
[2024-07-08T21:15:09.330-0500][2.178s] GC(1) Metaspace: 20464K(21296K)->20464K(21296K) NonClass: 18128K(18608K)->18128K(18608K) Class: 2336K(2688K)->2336K(2688K)
[2024-07-08T21:15:09.331-0500][2.178s] GC(1) Pause Young (Concurrent Start) (Metadata GC Threshold) 100M->22M(512M) 10.512ms
[2024-07-08T21:15:09.331-0500][2.178s] GC(1) User=0.06s Sys=0.00s Real=0.01s
[2024-07-08T21:15:09.331-0500][2.178s] GC(2) Concurrent Cycle
[2024-07-08T21:15:09.331-0500][2.179s] GC(2) Concurrent Clear Claimed Marks
[2024-07-08T21:15:09.332-0500][2.179s] GC(2) Concurrent Clear Claimed Marks 0.279ms
[2024-07-08T21:15:09.332-0500][2.179s] GC(2) Concurrent Scan Root Regions
[2024-07-08T21:15:09.334-0500][2.181s] GC(2) Concurrent Scan Root Regions 2.094ms
[2024-07-08T21:15:09.334-0500][2.182s] GC(2) Concurrent Mark (2.182s)
[2024-07-08T21:15:09.334-0500][2.182s] GC(2) Concurrent Mark From Roots
[2024-07-08T21:15:09.335-0500][2.182s] GC(2) Using 3 workers of 3 for marking
[2024-07-08T21:15:09.339-0500][2.186s] GC(2) Concurrent Mark From Roots 4.520ms
[2024-07-08T21:15:09.339-0500][2.187s] GC(2) Concurrent Preclean
[2024-07-08T21:15:09.339-0500][2.187s] GC(2) Concurrent Preclean 0.160ms
[2024-07-08T21:15:09.340-0500][2.187s] GC(2) Concurrent Mark (2.182s, 2.187s) 5.347ms
[2024-07-08T21:15:09.340-0500][2.187s] GC(2) Pause Remark
[2024-07-08T21:15:09.341-0500][2.189s] GC(2) Cleaned string and symbol table, strings: 8655 processed, 0 removed, symbols: 58672 processed, 26 removed
[2024-07-08T21:15:09.341-0500][2.189s] GC(2) Pause Remark 23M->23M(512M) 1.685ms
[2024-07-08T21:15:09.342-0500][2.189s] GC(2) User=0.01s Sys=0.00s Real=0.00s
[2024-07-08T21:15:09.342-0500][2.189s] GC(2) Concurrent Rebuild Remembered Sets
[2024-07-08T21:15:09.343-0500][2.190s] GC(2) Concurrent Rebuild Remembered Sets 1.232ms
[2024-07-08T21:15:09.343-0500][2.191s] GC(2) Pause Cleanup
[2024-07-08T21:15:09.344-0500][2.191s] GC(2) Pause Cleanup 23M->23M(512M) 0.270ms
[2024-07-08T21:15:09.344-0500][2.191s] GC(2) User=0.00s Sys=0.00s Real=0.01s
[2024-07-08T21:15:09.344-0500][2.191s] GC(2) Concurrent Cleanup for Next Mark
[2024-07-08T21:15:09.344-0500][2.192s] GC(2) Concurrent Cleanup for Next Mark 0.750ms
[2024-07-08T21:15:09.345-0500][2.192s] GC(2) Concurrent Cycle 13.615ms
[2024-07-08T21:15:10.176-0500][3.023s] GC(3) Pause Young (Normal) (G1 Evacuation Pause)
[2024-07-08T21:15:10.176-0500][3.023s] GC(3) Using 13 workers of 13 for evacuation
[2024-07-08T21:15:10.182-0500][3.030s] GC(3)   Pre Evacuate Collection Set: 0.0ms
[2024-07-08T21:15:10.183-0500][3.030s] GC(3)   Evacuate Collection Set: 5.4ms
[2024-07-08T21:15:10.183-0500][3.030s] GC(3)   Post Evacuate Collection Set: 0.9ms
[2024-07-08T21:15:10.183-0500][3.030s] GC(3)   Other: 0.3ms
[2024-07-08T21:15:10.183-0500][3.031s] GC(3) Eden regions: 83->0(109)
[2024-07-08T21:15:10.183-0500][3.031s] GC(3) Survivor regions: 18->5(13)
[2024-07-08T21:15:10.183-0500][3.031s] GC(3) Old regions: 3->21
[2024-07-08T21:15:10.183-0500][3.031s] GC(3) Humongous regions: 4->4
[2024-07-08T21:15:10.184-0500][3.031s] GC(3) Metaspace: 31149K(32304K)->31149K(32304K) NonClass: 27589K(28336K)->27589K(28336K) Class: 3559K(3968K)->3559K(3968K)
[2024-07-08T21:15:10.184-0500][3.031s] GC(3) Pause Young (Normal) (G1 Evacuation Pause) 105M->27M(512M) 8.111ms
[2024-07-08T21:15:10.184-0500][3.031s] GC(3) User=0.07s Sys=0.00s Real=0.01s
[2024-07-08T21:15:16.096-0500][8.943s] GC(4) Pause Young (Concurrent Start) (Metadata GC Threshold)
[2024-07-08T21:15:16.096-0500][8.943s] GC(4) Using 13 workers of 13 for evacuation
[2024-07-08T21:15:16.099-0500][8.946s] GC(4)   Pre Evacuate Collection Set: 0.1ms
[2024-07-08T21:15:16.099-0500][8.946s] GC(4)   Evacuate Collection Set: 2.3ms
[2024-07-08T21:15:16.099-0500][8.947s] GC(4)   Post Evacuate Collection Set: 0.5ms
[2024-07-08T21:15:16.099-0500][8.947s] GC(4)   Other: 0.4ms
[2024-07-08T21:15:16.099-0500][8.947s] GC(4) Eden regions: 42->0(102)
[2024-07-08T21:15:16.100-0500][8.947s] GC(4) Survivor regions: 5->11(15)
[2024-07-08T21:15:16.100-0500][8.947s] GC(4) Old regions: 21->21
[2024-07-08T21:15:16.100-0500][8.947s] GC(4) Humongous regions: 6->5
[2024-07-08T21:15:16.100-0500][8.947s] GC(4) Metaspace: 34731K(35888K)->34731K(35888K) NonClass: 30721K(31408K)->30721K(31408K) Class: 4010K(4480K)->4010K(4480K)
[2024-07-08T21:15:16.100-0500][8.948s] GC(4) Pause Young (Concurrent Start) (Metadata GC Threshold) 71M->34M(512M) 4.558ms
[2024-07-08T21:15:16.100-0500][8.948s] GC(4) User=0.01s Sys=0.00s Real=0.00s
[2024-07-08T21:15:16.100-0500][8.948s] GC(5) Concurrent Cycle
[2024-07-08T21:15:16.101-0500][8.948s] GC(5) Concurrent Clear Claimed Marks
[2024-07-08T21:15:16.101-0500][8.948s] GC(5) Concurrent Clear Claimed Marks 0.174ms
[2024-07-08T21:15:16.101-0500][8.948s] GC(5) Concurrent Scan Root Regions
[2024-07-08T21:15:16.102-0500][8.949s] GC(5) Concurrent Scan Root Regions 0.921ms
[2024-07-08T21:15:16.102-0500][8.949s] GC(5) Concurrent Mark (8.949s)
[2024-07-08T21:15:16.102-0500][8.949s] GC(5) Concurrent Mark From Roots
[2024-07-08T21:15:16.102-0500][8.950s] GC(5) Using 3 workers of 3 for marking
[2024-07-08T21:15:16.107-0500][8.955s] GC(5) Concurrent Mark From Roots 5.316ms
[2024-07-08T21:15:16.107-0500][8.955s] GC(5) Concurrent Preclean
[2024-07-08T21:15:16.108-0500][8.955s] GC(5) Concurrent Preclean 0.238ms
[2024-07-08T21:15:16.108-0500][8.955s] GC(5) Concurrent Mark (8.949s, 8.955s) 5.898ms
[2024-07-08T21:15:16.108-0500][8.956s] GC(5) Pause Remark
[2024-07-08T21:15:16.110-0500][8.957s] GC(5) Cleaned string and symbol table, strings: 14720 processed, 23 removed, symbols: 98604 processed, 54 removed
[2024-07-08T21:15:16.110-0500][8.958s] GC(5) Pause Remark 35M->35M(512M) 2.191ms
[2024-07-08T21:15:16.111-0500][8.958s] GC(5) User=0.01s Sys=0.00s Real=0.00s
[2024-07-08T21:15:16.111-0500][8.958s] GC(5) Concurrent Rebuild Remembered Sets
[2024-07-08T21:15:16.115-0500][8.963s] GC(5) Concurrent Rebuild Remembered Sets 4.654ms
[2024-07-08T21:15:16.116-0500][8.963s] GC(5) Pause Cleanup
[2024-07-08T21:15:16.116-0500][8.964s] GC(5) Pause Cleanup 35M->35M(512M) 0.323ms
[2024-07-08T21:15:16.116-0500][8.964s] GC(5) User=0.00s Sys=0.00s Real=0.00s
[2024-07-08T21:15:16.117-0500][8.964s] GC(5) Concurrent Cleanup for Next Mark
[2024-07-08T21:15:16.117-0500][8.965s] GC(5) Concurrent Cleanup for Next Mark 0.663ms
[2024-07-08T21:15:16.117-0500][8.965s] GC(5) Concurrent Cycle 17.001ms
[2024-07-08T21:15:16.498-0500][9.346s] GC(6) Pause Young (Normal) (G1 Evacuation Pause)
[2024-07-08T21:15:16.499-0500][9.346s] GC(6) Using 13 workers of 13 for evacuation
[2024-07-08T21:15:16.502-0500][9.350s] GC(6)   Pre Evacuate Collection Set: 0.0ms
[2024-07-08T21:15:16.502-0500][9.350s] GC(6)   Evacuate Collection Set: 2.5ms
[2024-07-08T21:15:16.503-0500][9.350s] GC(6)   Post Evacuate Collection Set: 0.9ms
[2024-07-08T21:15:16.503-0500][9.350s] GC(6)   Other: 0.4ms
[2024-07-08T21:15:16.503-0500][9.350s] GC(6) Eden regions: 102->0(228)
[2024-07-08T21:15:16.503-0500][9.350s] GC(6) Survivor regions: 11->8(15)
[2024-07-08T21:15:16.503-0500][9.351s] GC(6) Old regions: 21->25
[2024-07-08T21:15:16.503-0500][9.351s] GC(6) Humongous regions: 5->5
[2024-07-08T21:15:16.503-0500][9.351s] GC(6) Metaspace: 37078K(38448K)->37078K(38448K) NonClass: 32774K(33712K)->32774K(33712K) Class: 4303K(4736K)->4303K(4736K)
[2024-07-08T21:15:16.504-0500][9.351s] GC(6) Pause Young (Normal) (G1 Evacuation Pause) 136M->35M(512M) 5.271ms
[2024-07-08T21:15:16.504-0500][9.351s] GC(6) User=0.04s Sys=0.00s Real=0.01s
[2024-07-08T21:15:18.308-0500][11.156s] GC(7) Pause Young (Normal) (G1 Evacuation Pause)
[2024-07-08T21:15:18.308-0500][11.156s] GC(7) Using 13 workers of 13 for evacuation
[2024-07-08T21:15:18.312-0500][11.159s] GC(7)   Pre Evacuate Collection Set: 0.0ms
[2024-07-08T21:15:18.312-0500][11.160s] GC(7)   Evacuate Collection Set: 2.3ms
[2024-07-08T21:15:18.312-0500][11.160s] GC(7)   Post Evacuate Collection Set: 1.0ms
[2024-07-08T21:15:18.313-0500][11.160s] GC(7)   Other: 0.4ms
[2024-07-08T21:15:18.313-0500][11.160s] GC(7) Eden regions: 228->0(297)
[2024-07-08T21:15:18.313-0500][11.160s] GC(7) Survivor regions: 8->10(30)
[2024-07-08T21:15:18.313-0500][11.160s] GC(7) Old regions: 25->25
[2024-07-08T21:15:18.313-0500][11.161s] GC(7) Humongous regions: 5->5
[2024-07-08T21:15:18.313-0500][11.161s] GC(7) Metaspace: 44203K(45744K)->44203K(45744K) NonClass: 39064K(40112K)->39064K(40112K) Class: 5139K(5632K)->5139K(5632K)
[2024-07-08T21:15:18.314-0500][11.161s] GC(7) Pause Young (Normal) (G1 Evacuation Pause) 263M->37M(512M) 5.291ms
[2024-07-08T21:15:18.314-0500][11.161s] GC(7) User=0.05s Sys=0.00s Real=0.01s
[2024-07-09T12:40:29.981-0500][24336.197s] GC(8) Pause Young (Normal) (G1 Evacuation Pause)
[2024-07-09T12:40:29.983-0500][24336.199s] GC(8) Using 13 workers of 13 for evacuation
[2024-07-09T12:40:30.123-0500][24336.339s] GC(8)   Pre Evacuate Collection Set: 2.3ms
[2024-07-09T12:40:30.123-0500][24336.339s] GC(8)   Evacuate Collection Set: 127.5ms
[2024-07-09T12:40:30.123-0500][24336.340s] GC(8)   Post Evacuate Collection Set: 5.2ms
[2024-07-09T12:40:30.124-0500][24336.340s] GC(8)   Other: 7.3ms
[2024-07-09T12:40:30.124-0500][24336.340s] GC(8) Eden regions: 297->0(293)
[2024-07-09T12:40:30.124-0500][24336.340s] GC(8) Survivor regions: 10->14(39)
[2024-07-09T12:40:30.125-0500][24336.341s] GC(8) Old regions: 25->25
[2024-07-09T12:40:30.125-0500][24336.341s] GC(8) Humongous regions: 8->8
[2024-07-09T12:40:30.125-0500][24336.341s] GC(8) Metaspace: 50681K(52144K)->50681K(52144K) NonClass: 44828K(45744K)->44828K(45744K) Class: 5852K(6400K)->5852K(6400K)
[2024-07-09T12:40:30.125-0500][24336.342s] GC(8) Pause Young (Normal) (G1 Evacuation Pause) 337M->44M(512M) 144.771ms
[2024-07-09T12:40:30.126-0500][24336.342s] GC(8) User=1.67s Sys=0.00s Real=0.15s
